exports[`clear handles clear button 1`] = `
<main>
  <div
    className="calculator red">
    <div
      className="top">
      <button
        className="themes"
        onClick={[Function]}>
        ∞
      </button>
      <div />
      <h1>
        calc
      </h1>
    </div>
    <div
      className="input ">
      <span>
        100
      </span>
    </div>
    <div
      className="button-wrapper">
      <button
        className={null}
        onClick={[Function]}>
        C
      </button>
      <button
        className={null}
        onClick={[Function]}>
        (-)
      </button>
      <button
        className={null}
        onClick={[Function]}>
        <
      </button>
      <button
        className={null}
        onClick={[Function]}>
        /
      </button>
      <button
        className={null}
        onClick={[Function]}>
        1
      </button>
      <button
        className={null}
        onClick={[Function]}>
        2
      </button>
      <button
        className={null}
        onClick={[Function]}>
        3
      </button>
      <button
        className={null}
        onClick={[Function]}>
        *
      </button>
      <button
        className={null}
        onClick={[Function]}>
        4
      </button>
      <button
        className={null}
        onClick={[Function]}>
        5
      </button>
      <button
        className={null}
        onClick={[Function]}>
        6
      </button>
      <button
        className={null}
        onClick={[Function]}>
        -
      </button>
      <button
        className={null}
        onClick={[Function]}>
        7
      </button>
      <button
        className={null}
        onClick={[Function]}>
        8
      </button>
      <button
        className={null}
        onClick={[Function]}>
        9
      </button>
      <button
        className={null}
        onClick={[Function]}>
        +
      </button>
      <button
        className="zero"
        onClick={[Function]}>
        0
      </button>
      <button
        className={null}
        onClick={[Function]}>
        .
      </button>
      <button
        className={null}
        onClick={[Function]}>
        =
      </button>
    </div>
  </div>
</main>
`;

exports[`clear handles clear button 2`] = `
<main>
  <div
    className="calculator red">
    <div
      className="top">
      <button
        className="themes"
        onClick={[Function]}>
        ∞
      </button>
      <div />
      <h1>
        calc
      </h1>
    </div>
    <div
      className="input ">
      <span>
        0
      </span>
    </div>
    <div
      className="button-wrapper">
      <button
        className={null}
        onClick={[Function]}>
        C
      </button>
      <button
        className={null}
        onClick={[Function]}>
        (-)
      </button>
      <button
        className={null}
        onClick={[Function]}>
        <
      </button>
      <button
        className={null}
        onClick={[Function]}>
        /
      </button>
      <button
        className={null}
        onClick={[Function]}>
        1
      </button>
      <button
        className={null}
        onClick={[Function]}>
        2
      </button>
      <button
        className={null}
        onClick={[Function]}>
        3
      </button>
      <button
        className={null}
        onClick={[Function]}>
        *
      </button>
      <button
        className={null}
        onClick={[Function]}>
        4
      </button>
      <button
        className={null}
        onClick={[Function]}>
        5
      </button>
      <button
        className={null}
        onClick={[Function]}>
        6
      </button>
      <button
        className={null}
        onClick={[Function]}>
        -
      </button>
      <button
        className={null}
        onClick={[Function]}>
        7
      </button>
      <button
        className={null}
        onClick={[Function]}>
        8
      </button>
      <button
        className={null}
        onClick={[Function]}>
        9
      </button>
      <button
        className={null}
        onClick={[Function]}>
        +
      </button>
      <button
        className="zero"
        onClick={[Function]}>
        0
      </button>
      <button
        className={null}
        onClick={[Function]}>
        .
      </button>
      <button
        className={null}
        onClick={[Function]}>
        =
      </button>
    </div>
  </div>
</main>
`;
